// Jest Snapshot v1, https://goo.gl/fbAQLP

exports[`common/AccessoryMenu renders AccessoryMenu snapshots 1`] = `<div />`;
