// Jest Snapshot v1, https://goo.gl/fbAQLP

exports[`common/AccessoryButton renders AccessoryButton snapshots 1`] = `<div />`;
