// Jest Snapshot v1, https://goo.gl/fbAQLP

exports[`Alert renders Alert snapshots 1`] = `
<div>
  <div
    class="alert"
  >
    <div
      class="box"
    >
      <div
        class="content"
      />
    </div>
  </div>
</div>
`;
