// Jest Snapshot v1, https://goo.gl/fbAQLP

exports[`common/Avatar renders Avatar snapshots 1`] = `<div />`;
