// Jest Snapshot v1, https://goo.gl/fbAQLP

exports[`common/Banner renders Banner snapshots 1`] = `<div />`;
