// Jest Snapshot v1, https://goo.gl/fbAQLP

exports[`common/BranchSwitcher renders BranchSwitcher snapshots 1`] = `<div />`;
