// Jest Snapshot v1, https://goo.gl/fbAQLP

exports[`Button renders Button snapshots 1`] = `
<div>
  <button
    class="button"
  >
    button
  </button>
</div>
`;
