// Jest Snapshot v1, https://goo.gl/fbAQLP

exports[`common/Header renders Header snapshots 1`] = `<div />`;
