// Jest Snapshot v1, https://goo.gl/fbAQLP

exports[`common/Input renders Input snapshots 1`] = `
<div>
  <div
    class="base light"
    style="width: 100%;"
  >
    <div
      class="inputWrapper"
    >
      <input
        class="input"
        type="text"
        value=""
      />
      <div
        class="loadingWrapper"
      >
        <div
          class="loading center tiny"
        >
          <img
            alt="A spinner indicating an ongoing operation"
            class="spinner"
            data-nimg="1"
            decoding="async"
            height="15"
            loading="lazy"
            src="/icons/spinner.svg"
            srcset="/icons/spinner.svg 1x, /icons/spinner.svg 2x"
            style="color: transparent;"
            width="15"
          />
        </div>
      </div>
    </div>
  </div>
</div>
`;
