// Jest Snapshot v1, https://goo.gl/fbAQLP

exports[`common/ListItem renders ListItem snapshots 1`] = `<div />`;
