// Jest Snapshot v1, https://goo.gl/fbAQLP

exports[`common/Stats renders Stats snapshots 1`] = `
<div>
  <div
    class="stats"
  >
    <p
      class="text description description"
    >
      Coverage
    </p>
    <p
      class="text value"
    >
      â€”
    </p>
  </div>
</div>
`;
