// Jest Snapshot v1, https://goo.gl/fbAQLP

exports[`Text renders Text snapshots 1`] = `
<div>
  <p
    class="title"
  />
</div>
`;
