// Jest Snapshot v1, https://goo.gl/fbAQLP

exports[`Repositories/Empty renders Empty snapshots 1`] = `
<div>
  <div
    class="empty"
  >
    <div
      class="alert"
    >
      <div
        class="box"
      >
        <svg
          class="icon"
          fill="none"
          height="40"
          stroke="currentColor"
          stroke-linecap="round"
          stroke-linejoin="round"
          stroke-width="2"
          viewBox="0 0 24 24"
          width="40"
          xmlns="http://www.w3.org/2000/svg"
        >
          <path
            d="M5 3a2 2 0 0 0-2 2"
          />
          <path
            d="M19 3a2 2 0 0 1 2 2"
          />
          <path
            d="M21 19a2 2 0 0 1-2 2"
          />
          <path
            d="M5 21a2 2 0 0 1-2-2"
          />
          <path
            d="M9 3h1"
          />
          <path
            d="M9 21h1"
          />
          <path
            d="M14 3h1"
          />
          <path
            d="M14 21h1"
          />
          <path
            d="M3 9v1"
          />
          <path
            d="M21 9v1"
          />
          <path
            d="M3 14v1"
          />
          <path
            d="M21 14v1"
          />
        </svg>
        <div
          class="content"
        >
          <h2>
            Hmm. It's empty hereâ€¦
          </h2>
          <h3>
            How about adding a new repository to get started?
          </h3>
        </div>
      </div>
    </div>
    <img
      alt="An arrow pointing to the Add Repository button"
      class="arrow"
      data-nimg="1"
      decoding="async"
      height="73"
      loading="lazy"
      src="/icons/repositories/arrow.svg"
      srcset="/icons/repositories/arrow.svg 1x, /icons/repositories/arrow.svg 2x"
      style="color: transparent;"
      width="187"
    />
  </div>
</div>
`;
