// Jest Snapshot v1, https://goo.gl/fbAQLP

exports[`Repositories/NoResults renders NoResults snapshots 1`] = `<div />`;
