// Jest Snapshot v1, https://goo.gl/fbAQLP

exports[`Repositories/TopBarActions renders TopBarActions snapshots 1`] = `<div />`;
