// Jest Snapshot v1, https://goo.gl/fbAQLP

exports[`Repositories/ListItem renders ListItem snapshots 1`] = `<div />`;
