// Jest Snapshot v1, https://goo.gl/fbAQLP

exports[`new/NoResults renders NoResults snapshots 1`] = `
<div>
  <div
    class="alert noResults"
  >
    <div
      class="box"
    >
      <svg
        class="icon"
        fill="none"
        height="40"
        stroke="currentColor"
        stroke-linecap="round"
        stroke-linejoin="round"
        stroke-width="2"
        viewBox="0 0 24 24"
        width="40"
        xmlns="http://www.w3.org/2000/svg"
      >
        <path
          d="M9 10h.01"
        />
        <path
          d="M15 10h.01"
        />
        <path
          d="M12 2a8 8 0 0 0-8 8v12l3-3 2.5 2.5L12 19l2.5 2.5L17 19l3 3V10a8 8 0 0 0-8-8z"
        />
      </svg>
      <div
        class="content"
      >
        <h2>
          No results
        </h2>
        <h3>
          Your search did not yield results. Check if your spelling is correct, or try using other terms.
        </h3>
      </div>
    </div>
  </div>
</div>
`;
